
╔════════════════════════════════════════════════════════╗
║  COMPREHENSIVE SYSTEM TEST SUITE                   ║
╚════════════════════════════════════════════════════════╝

⏳ Waiting for server to be ready...
✓ Server is ready!

TEST GROUP 1: DATABASE CONNECTIVITY
──────────────────────────────────────────────────
✅ Database Connection Test
   Status: 200, Connected: undefined

TEST GROUP 2: FULL PHOTO CRUD (Create, Read, Update, Delete)
──────────────────────────────────────────────────
✅ Create New Photo (POST /api/admin/photos/list)
   Status: 201, ID: test-photo-1783314080491
✅ Read Created Photo (GET /api/admin/photos/test-photo-1783314080491)
   Title: Integration Test Photo 1783314080491
✅ Update Photo (PUT /api/admin/photos/test-photo-1783314080491)
   New title: "Integration Test Photo 1783314080491 - UPDATED", Status: 200
✅ Delete Photo (DELETE /api/admin/photos/test-photo-1783314080491)
   Status: 200
✅ Verify Deletion (GET /api/admin/photos/test-photo-1783314080491)
   Status: 404 (Expected 404)

TEST GROUP 3: PUBLIC ENDPOINTS
──────────────────────────────────────────────────
✅ Public Photos Endpoint (GET /api/photos)
   Status: 200, Photos: 12

TEST GROUP 4: PAGE RENDERING
──────────────────────────────────────────────────
✅ Render Homepage (/)
   Status: 200, Content size: 119537 bytes
✅ Render Gallery (/gallery)
   Status: 200, Content size: 33909 bytes
✅ Render Admin Dashboard (/admin)
   Status: 200, Content size: 33595 bytes
✅ Render Photo Management (/admin/photos/manage)
   Status: 200, Content size: 34078 bytes

╔════════════════════════════════════════════════════════╗
║  TEST SUMMARY                                      ║
╚════════════════════════════════════════════════════════╝

✅ PASSED: 11
❌ FAILED: 0
📊 PASS RATE: 100.0%

DETAILED RESULTS:
──────────────────────────────────────────────────
✅ Database Connection Test
   Status: 200, Connected: undefined
✅ Create New Photo (POST /api/admin/photos/list)
   Status: 201, ID: test-photo-1783314080491
✅ Read Created Photo (GET /api/admin/photos/test-photo-1783314080491)
   Title: Integration Test Photo 1783314080491
✅ Update Photo (PUT /api/admin/photos/test-photo-1783314080491)
   New title: "Integration Test Photo 1783314080491 - UPDATED", Status: 200
✅ Delete Photo (DELETE /api/admin/photos/test-photo-1783314080491)
   Status: 200
✅ Verify Deletion (GET /api/admin/photos/test-photo-1783314080491)
   Status: 404 (Expected 404)
✅ Public Photos Endpoint (GET /api/photos)
   Status: 200, Photos: 12
✅ Render Homepage (/)
   Status: 200, Content size: 119537 bytes
✅ Render Gallery (/gallery)
   Status: 200, Content size: 33909 bytes
✅ Render Admin Dashboard (/admin)
   Status: 200, Content size: 33595 bytes
✅ Render Photo Management (/admin/photos/manage)
   Status: 200, Content size: 34078 bytes

════════════════════════════════════════════════════════
🎉 ALL TESTS PASSED! System is working correctly.
════════════════════════════════════════════════════════
